{"email":"yasirsaleem1183@gmail.com","level":"info","message":"User logged in successfully.","service":"ucollyx-backend","timestamp":"2026-08-14 11:57:38"}
{"email":"hllomr.747819@gmail.com","level":"info","message":"User logged in successfully.","service":"ucollyx-backend","timestamp":"2026-08-14 12:24:34"}
{"level":"error","message":"Someone attempted to login with invalid credentials.","service":"ucollyx-backend","timestamp":"2026-08-14 12:25:00"}
{"level":"error","message":"Someone attempted to login with invalid credentials.","service":"ucollyx-backend","timestamp":"2026-08-14 12:25:08"}
{"level":"error","message":"Someone attempted to login with invalid credentials.","service":"ucollyx-backend","timestamp":"2026-08-14 12:32:36"}
{"level":"error","message":"Someone attempted to login with invalid credentials.","service":"ucollyx-backend","timestamp":"2026-08-14 12:32:46"}
{"email":"hllomr.747819@gmail.com","level":"error","message":"is Disabled, and cannot have access","service":"ucollyx-backend","timestamp":"2026-08-14 12:40:40"}
{"email":"hllomr.747819@gmail.com","level":"error","message":"is Disabled, and cannot have access","service":"ucollyx-backend","timestamp":"2026-08-14 12:41:00"}
{"email":"hllomr.747819@gmail.com","level":"error","message":"is Disabled, and cannot have access","service":"ucollyx-backend","timestamp":"2026-08-14 12:42:04"}
{"email":"hllomr.747819@gmail.com","level":"error","message":"is Disabled, and cannot have access","service":"ucollyx-backend","timestamp":"2026-08-14 12:42:05"}
{"email":"hllomr.747819@gmail.com","level":"error","message":"is Disabled, and cannot have access","service":"ucollyx-backend","timestamp":"2026-08-14 12:42:06"}
{"email":"hllomr.747819@gmail.com","level":"error","message":"is Disabled, and cannot have access","service":"ucollyx-backend","timestamp":"2026-08-14 12:42:18"}
{"email":"hllomr.747819@gmail.com","level":"error","message":"is Disabled, and cannot have access","service":"ucollyx-backend","timestamp":"2026-08-14 12:42:18"}
{"email":"hllomr.747819@gmail.com","level":"error","message":"is Disabled, and cannot have access","service":"ucollyx-backend","timestamp":"2026-08-14 12:42:19"}
{"email":"hllomr.747819@gmail.com","level":"error","message":"is disabled, and cannot have access","service":"ucollyx-backend","timestamp":"2026-08-14 12:47:42"}
{"email":"hllomr.747819@gmail.com","level":"info","message":"attempting to login.","service":"ucollyx-backend","timestamp":"2026-08-14 12:47:58"}
{"email":"hllomr.747819@gmail.com","level":"info","message":"logged in successfully.","service":"ucollyx-backend","timestamp":"2026-08-14 12:47:58"}
{"email":"hllomr.747819@gmail.com","level":"info","message":"attempting to login at 2026-08-14T07:49:26.868Z","service":"ucollyx-backend","timestamp":"2026-08-14 12:49:26"}
{"email":"hllomr.747819@gmail.com","level":"info","message":"logged in successfully at 2026-08-14T07:49:26.893Z","service":"ucollyx-backend","timestamp":"2026-08-14 12:49:26"}
{"email":"yasirsaleem1183@gmail.com","level":"info","message":"attempting to login at 2026-08-14T08:06:31.033Z","service":"ucollyx-backend","timestamp":"2026-08-14 13:06:31"}
{"email":"yasirsaleem1183@gmail.com","level":"info","message":"logged in successfully at 2026-08-14T08:06:31.069Z","service":"ucollyx-backend","timestamp":"2026-08-14 13:06:31"}
{"email":"yasirgill678@gmail.com","level":"error","message":"status is pending, ask him to verify through otp","service":"ucollyx-backend","timestamp":"2026-08-14 13:09:27"}
{"email":"yasirgill678@gmail.com","level":"info","message":"attempting to login at 2026-08-14T08:22:51.927Z","service":"ucollyx-backend","timestamp":"2026-08-14 13:22:51"}
{"email":"yasirgill678@gmail.com","level":"info","message":"logged in successfully at 2026-08-14T08:22:51.966Z","service":"ucollyx-backend","timestamp":"2026-08-14 13:22:51"}
{"email":"Apna Startup12","level":"info","message":"Workspace created successfully.","service":"ucollyx-backend","timestamp":"2026-08-14 13:28:42"}
{"email":"hllomr.747819@gmail.com","level":"info","message":"attempting to login at 2026-08-14T09:45:16.796Z","service":"ucollyx-backend","timestamp":"2026-08-14 14:45:16"}
{"email":"hllomr.747819@gmail.com","level":"info","message":"logged in successfully at 2026-08-14T09:45:16.850Z","service":"ucollyx-backend","timestamp":"2026-08-14 14:45:16"}
